// Jest Snapshot v1, https://goo.gl/fbAQLP

exports[`Button Component matches snapshot 1`] = `
<h1
  className="AppLogo"
>
  DevHub
</h1>
`;
