// Jest Snapshot v1, https://goo.gl/fbAQLP

exports[`ComponentPreview Component matches snapshot 1`] = `
<span>
  Loading...
</span>
`;
