// Jest Snapshot v1, https://goo.gl/fbAQLP

exports[`Button Component matches snapshot 1`] = `
ShallowWrapper {
  Symbol(enzyme.__root__): [Circular],
  Symbol(enzyme.__unrendered__): <GovLogo />,
  Symbol(enzyme.__renderer__): Object {
    "batchedUpdates": [Function],
    "getNode": [Function],
    "render": [Function],
    "simulateError": [Function],
    "simulateEvent": [Function],
    "unmount": [Function],
  },
  Symbol(enzyme.__node__): Object {
    "instance": null,
    "key": undefined,
    "nodeType": "function",
    "props": Object {
      "children": Array [
        <img
          alt="Government of British Columbia"
          css={
            Object {
              "map": "/*# sourceMappingURL=data:application/json;charset=utf-8;base64,eyJ2ZXJzaW9uIjozLCJzb3VyY2VzIjpbIkdvdkxvZ28uanMiXSwibmFtZXMiOltdLCJtYXBwaW5ncyI6IkFBVWMiLCJmaWxlIjoiR292TG9nby5qcyIsInNvdXJjZXNDb250ZW50IjpbImltcG9ydCBSZWFjdCBmcm9tICdyZWFjdCc7XG5pbXBvcnQgQXV4IGZyb20gJy4uLy4uLy4uL2hvYy9hdXhpbGxhcnknO1xuaW1wb3J0IGxvZ28gZnJvbSAnLi4vLi4vLi4vYXNzZXRzL2ltYWdlcy9CQ0lEX0hfcmdiX3Jldi5zdmcnO1xuaW1wb3J0IGxvZ29Nb2JpbGUgZnJvbSAnLi4vLi4vLi4vYXNzZXRzL2ltYWdlcy9sb2dvLnN2Zyc7XG5pbXBvcnQgeyBjc3MgfSBmcm9tICdAZW1vdGlvbi9jb3JlJztcblxuY29uc3QgR292TG9nbyA9ICgpID0+IChcbiAgPEF1eD5cbiAgICA8aW1nXG4gICAgICBzcmM9e2xvZ299XG4gICAgICBjc3M9e2Nzc2BcbiAgICAgICAgd2lkdGg6IDE3NXB4O1xuICAgICAgICBAbWVkaWEgKG1heC13aWR0aDogNDgwcHgpIHtcbiAgICAgICAgICBkaXNwbGF5OiBub25lO1xuICAgICAgICB9XG4gICAgICBgfVxuICAgICAgYWx0PVwiR292ZXJubWVudCBvZiBCcml0aXNoIENvbHVtYmlhXCJcbiAgICAvPlxuXG4gICAgPGltZ1xuICAgICAgc3JjPXtsb2dvTW9iaWxlfVxuICAgICAgY3NzPXtjc3NgXG4gICAgICAgIHdpZHRoOiA1MHB4O1xuICAgICAgICBAbWVkaWEgKG1pbi13aWR0aDogNDgwcHgpIHtcbiAgICAgICAgICBkaXNwbGF5OiBub25lO1xuICAgICAgICB9XG4gICAgICBgfVxuICAgICAgYWx0PVwiR292ZXJubWVudCBvZiBCcml0aXNoIENvbHVtYmlhXCJcbiAgICAvPlxuICA8L0F1eD5cbik7XG5cbmV4cG9ydCBkZWZhdWx0IEdvdkxvZ287XG4iXX0= */",
              "name": "thimav-GovLogo",
              "styles": "width:175px;@media (max-width:480px){display:none;}label:GovLogo;",
            }
          }
          src="BCID_H_rgb_rev.svg"
        />,
        <img
          alt="Government of British Columbia"
          css={
            Object {
              "map": "/*# sourceMappingURL=data:application/json;charset=utf-8;base64,eyJ2ZXJzaW9uIjozLCJzb3VyY2VzIjpbIkdvdkxvZ28uanMiXSwibmFtZXMiOltdLCJtYXBwaW5ncyI6IkFBcUJjIiwiZmlsZSI6IkdvdkxvZ28uanMiLCJzb3VyY2VzQ29udGVudCI6WyJpbXBvcnQgUmVhY3QgZnJvbSAncmVhY3QnO1xuaW1wb3J0IEF1eCBmcm9tICcuLi8uLi8uLi9ob2MvYXV4aWxsYXJ5JztcbmltcG9ydCBsb2dvIGZyb20gJy4uLy4uLy4uL2Fzc2V0cy9pbWFnZXMvQkNJRF9IX3JnYl9yZXYuc3ZnJztcbmltcG9ydCBsb2dvTW9iaWxlIGZyb20gJy4uLy4uLy4uL2Fzc2V0cy9pbWFnZXMvbG9nby5zdmcnO1xuaW1wb3J0IHsgY3NzIH0gZnJvbSAnQGVtb3Rpb24vY29yZSc7XG5cbmNvbnN0IEdvdkxvZ28gPSAoKSA9PiAoXG4gIDxBdXg+XG4gICAgPGltZ1xuICAgICAgc3JjPXtsb2dvfVxuICAgICAgY3NzPXtjc3NgXG4gICAgICAgIHdpZHRoOiAxNzVweDtcbiAgICAgICAgQG1lZGlhIChtYXgtd2lkdGg6IDQ4MHB4KSB7XG4gICAgICAgICAgZGlzcGxheTogbm9uZTtcbiAgICAgICAgfVxuICAgICAgYH1cbiAgICAgIGFsdD1cIkdvdmVybm1lbnQgb2YgQnJpdGlzaCBDb2x1bWJpYVwiXG4gICAgLz5cblxuICAgIDxpbWdcbiAgICAgIHNyYz17bG9nb01vYmlsZX1cbiAgICAgIGNzcz17Y3NzYFxuICAgICAgICB3aWR0aDogNTBweDtcbiAgICAgICAgQG1lZGlhIChtaW4td2lkdGg6IDQ4MHB4KSB7XG4gICAgICAgICAgZGlzcGxheTogbm9uZTtcbiAgICAgICAgfVxuICAgICAgYH1cbiAgICAgIGFsdD1cIkdvdmVybm1lbnQgb2YgQnJpdGlzaCBDb2x1bWJpYVwiXG4gICAgLz5cbiAgPC9BdXg+XG4pO1xuXG5leHBvcnQgZGVmYXVsdCBHb3ZMb2dvO1xuIl19 */",
              "name": "15296ty-GovLogo",
              "styles": "width:50px;@media (min-width:480px){display:none;}label:GovLogo;",
            }
          }
          src="logo.svg"
        />,
      ],
    },
    "ref": null,
    "rendered": Array [
      Object {
        "instance": null,
        "key": undefined,
        "nodeType": "host",
        "props": Object {
          "alt": "Government of British Columbia",
          "css": Object {
            "map": "/*# sourceMappingURL=data:application/json;charset=utf-8;base64,eyJ2ZXJzaW9uIjozLCJzb3VyY2VzIjpbIkdvdkxvZ28uanMiXSwibmFtZXMiOltdLCJtYXBwaW5ncyI6IkFBVWMiLCJmaWxlIjoiR292TG9nby5qcyIsInNvdXJjZXNDb250ZW50IjpbImltcG9ydCBSZWFjdCBmcm9tICdyZWFjdCc7XG5pbXBvcnQgQXV4IGZyb20gJy4uLy4uLy4uL2hvYy9hdXhpbGxhcnknO1xuaW1wb3J0IGxvZ28gZnJvbSAnLi4vLi4vLi4vYXNzZXRzL2ltYWdlcy9CQ0lEX0hfcmdiX3Jldi5zdmcnO1xuaW1wb3J0IGxvZ29Nb2JpbGUgZnJvbSAnLi4vLi4vLi4vYXNzZXRzL2ltYWdlcy9sb2dvLnN2Zyc7XG5pbXBvcnQgeyBjc3MgfSBmcm9tICdAZW1vdGlvbi9jb3JlJztcblxuY29uc3QgR292TG9nbyA9ICgpID0+IChcbiAgPEF1eD5cbiAgICA8aW1nXG4gICAgICBzcmM9e2xvZ299XG4gICAgICBjc3M9e2Nzc2BcbiAgICAgICAgd2lkdGg6IDE3NXB4O1xuICAgICAgICBAbWVkaWEgKG1heC13aWR0aDogNDgwcHgpIHtcbiAgICAgICAgICBkaXNwbGF5OiBub25lO1xuICAgICAgICB9XG4gICAgICBgfVxuICAgICAgYWx0PVwiR292ZXJubWVudCBvZiBCcml0aXNoIENvbHVtYmlhXCJcbiAgICAvPlxuXG4gICAgPGltZ1xuICAgICAgc3JjPXtsb2dvTW9iaWxlfVxuICAgICAgY3NzPXtjc3NgXG4gICAgICAgIHdpZHRoOiA1MHB4O1xuICAgICAgICBAbWVkaWEgKG1pbi13aWR0aDogNDgwcHgpIHtcbiAgICAgICAgICBkaXNwbGF5OiBub25lO1xuICAgICAgICB9XG4gICAgICBgfVxuICAgICAgYWx0PVwiR292ZXJubWVudCBvZiBCcml0aXNoIENvbHVtYmlhXCJcbiAgICAvPlxuICA8L0F1eD5cbik7XG5cbmV4cG9ydCBkZWZhdWx0IEdvdkxvZ287XG4iXX0= */",
            "name": "thimav-GovLogo",
            "styles": "width:175px;@media (max-width:480px){display:none;}label:GovLogo;",
          },
          "src": "BCID_H_rgb_rev.svg",
        },
        "ref": null,
        "rendered": null,
        "type": "img",
      },
      Object {
        "instance": null,
        "key": undefined,
        "nodeType": "host",
        "props": Object {
          "alt": "Government of British Columbia",
          "css": Object {
            "map": "/*# sourceMappingURL=data:application/json;charset=utf-8;base64,eyJ2ZXJzaW9uIjozLCJzb3VyY2VzIjpbIkdvdkxvZ28uanMiXSwibmFtZXMiOltdLCJtYXBwaW5ncyI6IkFBcUJjIiwiZmlsZSI6IkdvdkxvZ28uanMiLCJzb3VyY2VzQ29udGVudCI6WyJpbXBvcnQgUmVhY3QgZnJvbSAncmVhY3QnO1xuaW1wb3J0IEF1eCBmcm9tICcuLi8uLi8uLi9ob2MvYXV4aWxsYXJ5JztcbmltcG9ydCBsb2dvIGZyb20gJy4uLy4uLy4uL2Fzc2V0cy9pbWFnZXMvQkNJRF9IX3JnYl9yZXYuc3ZnJztcbmltcG9ydCBsb2dvTW9iaWxlIGZyb20gJy4uLy4uLy4uL2Fzc2V0cy9pbWFnZXMvbG9nby5zdmcnO1xuaW1wb3J0IHsgY3NzIH0gZnJvbSAnQGVtb3Rpb24vY29yZSc7XG5cbmNvbnN0IEdvdkxvZ28gPSAoKSA9PiAoXG4gIDxBdXg+XG4gICAgPGltZ1xuICAgICAgc3JjPXtsb2dvfVxuICAgICAgY3NzPXtjc3NgXG4gICAgICAgIHdpZHRoOiAxNzVweDtcbiAgICAgICAgQG1lZGlhIChtYXgtd2lkdGg6IDQ4MHB4KSB7XG4gICAgICAgICAgZGlzcGxheTogbm9uZTtcbiAgICAgICAgfVxuICAgICAgYH1cbiAgICAgIGFsdD1cIkdvdmVybm1lbnQgb2YgQnJpdGlzaCBDb2x1bWJpYVwiXG4gICAgLz5cblxuICAgIDxpbWdcbiAgICAgIHNyYz17bG9nb01vYmlsZX1cbiAgICAgIGNzcz17Y3NzYFxuICAgICAgICB3aWR0aDogNTBweDtcbiAgICAgICAgQG1lZGlhIChtaW4td2lkdGg6IDQ4MHB4KSB7XG4gICAgICAgICAgZGlzcGxheTogbm9uZTtcbiAgICAgICAgfVxuICAgICAgYH1cbiAgICAgIGFsdD1cIkdvdmVybm1lbnQgb2YgQnJpdGlzaCBDb2x1bWJpYVwiXG4gICAgLz5cbiAgPC9BdXg+XG4pO1xuXG5leHBvcnQgZGVmYXVsdCBHb3ZMb2dvO1xuIl19 */",
            "name": "15296ty-GovLogo",
            "styles": "width:50px;@media (min-width:480px){display:none;}label:GovLogo;",
          },
          "src": "logo.svg",
        },
        "ref": null,
        "rendered": null,
        "type": "img",
      },
    ],
    "type": [Function],
  },
  Symbol(enzyme.__nodes__): Array [
    Object {
      "instance": null,
      "key": undefined,
      "nodeType": "function",
      "props": Object {
        "children": Array [
          <img
            alt="Government of British Columbia"
            css={
              Object {
                "map": "/*# sourceMappingURL=data:application/json;charset=utf-8;base64,eyJ2ZXJzaW9uIjozLCJzb3VyY2VzIjpbIkdvdkxvZ28uanMiXSwibmFtZXMiOltdLCJtYXBwaW5ncyI6IkFBVWMiLCJmaWxlIjoiR292TG9nby5qcyIsInNvdXJjZXNDb250ZW50IjpbImltcG9ydCBSZWFjdCBmcm9tICdyZWFjdCc7XG5pbXBvcnQgQXV4IGZyb20gJy4uLy4uLy4uL2hvYy9hdXhpbGxhcnknO1xuaW1wb3J0IGxvZ28gZnJvbSAnLi4vLi4vLi4vYXNzZXRzL2ltYWdlcy9CQ0lEX0hfcmdiX3Jldi5zdmcnO1xuaW1wb3J0IGxvZ29Nb2JpbGUgZnJvbSAnLi4vLi4vLi4vYXNzZXRzL2ltYWdlcy9sb2dvLnN2Zyc7XG5pbXBvcnQgeyBjc3MgfSBmcm9tICdAZW1vdGlvbi9jb3JlJztcblxuY29uc3QgR292TG9nbyA9ICgpID0+IChcbiAgPEF1eD5cbiAgICA8aW1nXG4gICAgICBzcmM9e2xvZ299XG4gICAgICBjc3M9e2Nzc2BcbiAgICAgICAgd2lkdGg6IDE3NXB4O1xuICAgICAgICBAbWVkaWEgKG1heC13aWR0aDogNDgwcHgpIHtcbiAgICAgICAgICBkaXNwbGF5OiBub25lO1xuICAgICAgICB9XG4gICAgICBgfVxuICAgICAgYWx0PVwiR292ZXJubWVudCBvZiBCcml0aXNoIENvbHVtYmlhXCJcbiAgICAvPlxuXG4gICAgPGltZ1xuICAgICAgc3JjPXtsb2dvTW9iaWxlfVxuICAgICAgY3NzPXtjc3NgXG4gICAgICAgIHdpZHRoOiA1MHB4O1xuICAgICAgICBAbWVkaWEgKG1pbi13aWR0aDogNDgwcHgpIHtcbiAgICAgICAgICBkaXNwbGF5OiBub25lO1xuICAgICAgICB9XG4gICAgICBgfVxuICAgICAgYWx0PVwiR292ZXJubWVudCBvZiBCcml0aXNoIENvbHVtYmlhXCJcbiAgICAvPlxuICA8L0F1eD5cbik7XG5cbmV4cG9ydCBkZWZhdWx0IEdvdkxvZ287XG4iXX0= */",
                "name": "thimav-GovLogo",
                "styles": "width:175px;@media (max-width:480px){display:none;}label:GovLogo;",
              }
            }
            src="BCID_H_rgb_rev.svg"
          />,
          <img
            alt="Government of British Columbia"
            css={
              Object {
                "map": "/*# sourceMappingURL=data:application/json;charset=utf-8;base64,eyJ2ZXJzaW9uIjozLCJzb3VyY2VzIjpbIkdvdkxvZ28uanMiXSwibmFtZXMiOltdLCJtYXBwaW5ncyI6IkFBcUJjIiwiZmlsZSI6IkdvdkxvZ28uanMiLCJzb3VyY2VzQ29udGVudCI6WyJpbXBvcnQgUmVhY3QgZnJvbSAncmVhY3QnO1xuaW1wb3J0IEF1eCBmcm9tICcuLi8uLi8uLi9ob2MvYXV4aWxsYXJ5JztcbmltcG9ydCBsb2dvIGZyb20gJy4uLy4uLy4uL2Fzc2V0cy9pbWFnZXMvQkNJRF9IX3JnYl9yZXYuc3ZnJztcbmltcG9ydCBsb2dvTW9iaWxlIGZyb20gJy4uLy4uLy4uL2Fzc2V0cy9pbWFnZXMvbG9nby5zdmcnO1xuaW1wb3J0IHsgY3NzIH0gZnJvbSAnQGVtb3Rpb24vY29yZSc7XG5cbmNvbnN0IEdvdkxvZ28gPSAoKSA9PiAoXG4gIDxBdXg+XG4gICAgPGltZ1xuICAgICAgc3JjPXtsb2dvfVxuICAgICAgY3NzPXtjc3NgXG4gICAgICAgIHdpZHRoOiAxNzVweDtcbiAgICAgICAgQG1lZGlhIChtYXgtd2lkdGg6IDQ4MHB4KSB7XG4gICAgICAgICAgZGlzcGxheTogbm9uZTtcbiAgICAgICAgfVxuICAgICAgYH1cbiAgICAgIGFsdD1cIkdvdmVybm1lbnQgb2YgQnJpdGlzaCBDb2x1bWJpYVwiXG4gICAgLz5cblxuICAgIDxpbWdcbiAgICAgIHNyYz17bG9nb01vYmlsZX1cbiAgICAgIGNzcz17Y3NzYFxuICAgICAgICB3aWR0aDogNTBweDtcbiAgICAgICAgQG1lZGlhIChtaW4td2lkdGg6IDQ4MHB4KSB7XG4gICAgICAgICAgZGlzcGxheTogbm9uZTtcbiAgICAgICAgfVxuICAgICAgYH1cbiAgICAgIGFsdD1cIkdvdmVybm1lbnQgb2YgQnJpdGlzaCBDb2x1bWJpYVwiXG4gICAgLz5cbiAgPC9BdXg+XG4pO1xuXG5leHBvcnQgZGVmYXVsdCBHb3ZMb2dvO1xuIl19 */",
                "name": "15296ty-GovLogo",
                "styles": "width:50px;@media (min-width:480px){display:none;}label:GovLogo;",
              }
            }
            src="logo.svg"
          />,
        ],
      },
      "ref": null,
      "rendered": Array [
        Object {
          "instance": null,
          "key": undefined,
          "nodeType": "host",
          "props": Object {
            "alt": "Government of British Columbia",
            "css": Object {
              "map": "/*# sourceMappingURL=data:application/json;charset=utf-8;base64,eyJ2ZXJzaW9uIjozLCJzb3VyY2VzIjpbIkdvdkxvZ28uanMiXSwibmFtZXMiOltdLCJtYXBwaW5ncyI6IkFBVWMiLCJmaWxlIjoiR292TG9nby5qcyIsInNvdXJjZXNDb250ZW50IjpbImltcG9ydCBSZWFjdCBmcm9tICdyZWFjdCc7XG5pbXBvcnQgQXV4IGZyb20gJy4uLy4uLy4uL2hvYy9hdXhpbGxhcnknO1xuaW1wb3J0IGxvZ28gZnJvbSAnLi4vLi4vLi4vYXNzZXRzL2ltYWdlcy9CQ0lEX0hfcmdiX3Jldi5zdmcnO1xuaW1wb3J0IGxvZ29Nb2JpbGUgZnJvbSAnLi4vLi4vLi4vYXNzZXRzL2ltYWdlcy9sb2dvLnN2Zyc7XG5pbXBvcnQgeyBjc3MgfSBmcm9tICdAZW1vdGlvbi9jb3JlJztcblxuY29uc3QgR292TG9nbyA9ICgpID0+IChcbiAgPEF1eD5cbiAgICA8aW1nXG4gICAgICBzcmM9e2xvZ299XG4gICAgICBjc3M9e2Nzc2BcbiAgICAgICAgd2lkdGg6IDE3NXB4O1xuICAgICAgICBAbWVkaWEgKG1heC13aWR0aDogNDgwcHgpIHtcbiAgICAgICAgICBkaXNwbGF5OiBub25lO1xuICAgICAgICB9XG4gICAgICBgfVxuICAgICAgYWx0PVwiR292ZXJubWVudCBvZiBCcml0aXNoIENvbHVtYmlhXCJcbiAgICAvPlxuXG4gICAgPGltZ1xuICAgICAgc3JjPXtsb2dvTW9iaWxlfVxuICAgICAgY3NzPXtjc3NgXG4gICAgICAgIHdpZHRoOiA1MHB4O1xuICAgICAgICBAbWVkaWEgKG1pbi13aWR0aDogNDgwcHgpIHtcbiAgICAgICAgICBkaXNwbGF5OiBub25lO1xuICAgICAgICB9XG4gICAgICBgfVxuICAgICAgYWx0PVwiR292ZXJubWVudCBvZiBCcml0aXNoIENvbHVtYmlhXCJcbiAgICAvPlxuICA8L0F1eD5cbik7XG5cbmV4cG9ydCBkZWZhdWx0IEdvdkxvZ287XG4iXX0= */",
              "name": "thimav-GovLogo",
              "styles": "width:175px;@media (max-width:480px){display:none;}label:GovLogo;",
            },
            "src": "BCID_H_rgb_rev.svg",
          },
          "ref": null,
          "rendered": null,
          "type": "img",
        },
        Object {
          "instance": null,
          "key": undefined,
          "nodeType": "host",
          "props": Object {
            "alt": "Government of British Columbia",
            "css": Object {
              "map": "/*# sourceMappingURL=data:application/json;charset=utf-8;base64,eyJ2ZXJzaW9uIjozLCJzb3VyY2VzIjpbIkdvdkxvZ28uanMiXSwibmFtZXMiOltdLCJtYXBwaW5ncyI6IkFBcUJjIiwiZmlsZSI6IkdvdkxvZ28uanMiLCJzb3VyY2VzQ29udGVudCI6WyJpbXBvcnQgUmVhY3QgZnJvbSAncmVhY3QnO1xuaW1wb3J0IEF1eCBmcm9tICcuLi8uLi8uLi9ob2MvYXV4aWxsYXJ5JztcbmltcG9ydCBsb2dvIGZyb20gJy4uLy4uLy4uL2Fzc2V0cy9pbWFnZXMvQkNJRF9IX3JnYl9yZXYuc3ZnJztcbmltcG9ydCBsb2dvTW9iaWxlIGZyb20gJy4uLy4uLy4uL2Fzc2V0cy9pbWFnZXMvbG9nby5zdmcnO1xuaW1wb3J0IHsgY3NzIH0gZnJvbSAnQGVtb3Rpb24vY29yZSc7XG5cbmNvbnN0IEdvdkxvZ28gPSAoKSA9PiAoXG4gIDxBdXg+XG4gICAgPGltZ1xuICAgICAgc3JjPXtsb2dvfVxuICAgICAgY3NzPXtjc3NgXG4gICAgICAgIHdpZHRoOiAxNzVweDtcbiAgICAgICAgQG1lZGlhIChtYXgtd2lkdGg6IDQ4MHB4KSB7XG4gICAgICAgICAgZGlzcGxheTogbm9uZTtcbiAgICAgICAgfVxuICAgICAgYH1cbiAgICAgIGFsdD1cIkdvdmVybm1lbnQgb2YgQnJpdGlzaCBDb2x1bWJpYVwiXG4gICAgLz5cblxuICAgIDxpbWdcbiAgICAgIHNyYz17bG9nb01vYmlsZX1cbiAgICAgIGNzcz17Y3NzYFxuICAgICAgICB3aWR0aDogNTBweDtcbiAgICAgICAgQG1lZGlhIChtaW4td2lkdGg6IDQ4MHB4KSB7XG4gICAgICAgICAgZGlzcGxheTogbm9uZTtcbiAgICAgICAgfVxuICAgICAgYH1cbiAgICAgIGFsdD1cIkdvdmVybm1lbnQgb2YgQnJpdGlzaCBDb2x1bWJpYVwiXG4gICAgLz5cbiAgPC9BdXg+XG4pO1xuXG5leHBvcnQgZGVmYXVsdCBHb3ZMb2dvO1xuIl19 */",
              "name": "15296ty-GovLogo",
              "styles": "width:50px;@media (min-width:480px){display:none;}label:GovLogo;",
            },
            "src": "logo.svg",
          },
          "ref": null,
          "rendered": null,
          "type": "img",
        },
      ],
      "type": [Function],
    },
  ],
  Symbol(enzyme.__options__): Object {
    "adapter": ReactSixteenAdapter {
      "options": Object {
        "enableComponentDidUpdateOnSetState": true,
        "lifecycles": Object {
          "componentDidUpdate": Object {
            "onSetState": true,
          },
          "getDerivedStateFromProps": true,
          "getSnapshotBeforeUpdate": true,
          "setState": Object {
            "skipsComponentDidUpdateOnNullish": true,
          },
        },
      },
    },
  },
}
`;
