// Jest Snapshot v1, https://goo.gl/fbAQLP

exports[`Hamburger Component it matches snapshot 1`] = `
ShallowWrapper {
  Symbol(enzyme.__root__): [Circular],
  Symbol(enzyme.__unrendered__): <Hamburger
    className="foo"
    clicked={[Function]}
  />,
  Symbol(enzyme.__renderer__): Object {
    "batchedUpdates": [Function],
    "getNode": [Function],
    "render": [Function],
    "simulateError": [Function],
    "simulateEvent": [Function],
    "unmount": [Function],
  },
  Symbol(enzyme.__node__): Object {
    "instance": null,
    "key": undefined,
    "nodeType": "function",
    "props": Object {
      "aria-label": "Select to filter cards by the resource type",
      "border": false,
      "className": "foo",
      "fixedWidth": false,
      "flip": null,
      "icon": Object {
        "icon": Array [
          448,
          512,
          Array [],
          "f0c9",
          "M16 132h416c8.837 0 16-7.163 16-16V76c0-8.837-7.163-16-16-16H16C7.163 60 0 67.163 0 76v40c0 8.837 7.163 16 16 16zm0 160h416c8.837 0 16-7.163 16-16v-40c0-8.837-7.163-16-16-16H16c-8.837 0-16 7.163-16 16v40c0 8.837 7.163 16 16 16zm0 160h416c8.837 0 16-7.163 16-16v-40c0-8.837-7.163-16-16-16H16c-8.837 0-16 7.163-16 16v40c0 8.837 7.163 16 16 16z",
        ],
        "iconName": "bars",
        "prefix": "fas",
      },
      "inverse": false,
      "listItem": false,
      "mask": null,
      "onClick": [Function],
      "pull": null,
      "pulse": false,
      "rotation": null,
      "size": "2x",
      "spin": false,
      "symbol": false,
      "title": "",
      "transform": null,
    },
    "ref": null,
    "rendered": null,
    "type": [Function],
  },
  Symbol(enzyme.__nodes__): Array [
    Object {
      "instance": null,
      "key": undefined,
      "nodeType": "function",
      "props": Object {
        "aria-label": "Select to filter cards by the resource type",
        "border": false,
        "className": "foo",
        "fixedWidth": false,
        "flip": null,
        "icon": Object {
          "icon": Array [
            448,
            512,
            Array [],
            "f0c9",
            "M16 132h416c8.837 0 16-7.163 16-16V76c0-8.837-7.163-16-16-16H16C7.163 60 0 67.163 0 76v40c0 8.837 7.163 16 16 16zm0 160h416c8.837 0 16-7.163 16-16v-40c0-8.837-7.163-16-16-16H16c-8.837 0-16 7.163-16 16v40c0 8.837 7.163 16 16 16zm0 160h416c8.837 0 16-7.163 16-16v-40c0-8.837-7.163-16-16-16H16c-8.837 0-16 7.163-16 16v40c0 8.837 7.163 16 16 16z",
          ],
          "iconName": "bars",
          "prefix": "fas",
        },
        "inverse": false,
        "listItem": false,
        "mask": null,
        "onClick": [Function],
        "pull": null,
        "pulse": false,
        "rotation": null,
        "size": "2x",
        "spin": false,
        "symbol": false,
        "title": "",
        "transform": null,
      },
      "ref": null,
      "rendered": null,
      "type": [Function],
    },
  ],
  Symbol(enzyme.__options__): Object {
    "adapter": ReactSixteenAdapter {
      "options": Object {
        "enableComponentDidUpdateOnSetState": true,
        "lifecycles": Object {
          "componentDidUpdate": Object {
            "onSetState": true,
          },
          "getDerivedStateFromProps": true,
          "getSnapshotBeforeUpdate": true,
          "setState": Object {
            "skipsComponentDidUpdateOnNullish": true,
          },
        },
      },
    },
  },
}
`;
