// Jest Snapshot v1, https://goo.gl/fbAQLP

exports[`PopularTopic matches snapshot 1`] = `
.emotion-61 {
  max-width: 1100px;
  margin: 20px 0;
  border: 1px solid #ccc;
  border-top: transparent;
}

.emotion-0 {
  background-color: #444;
  -webkit-flex: 0 0 10px;
  -ms-flex: 0 0 10px;
  flex: 0 0 10px;
  min-height: 10px;
  min-height: 15px;
}

.emotion-59 {
  padding: 0 15px;
  padding-top: 10px;
  padding-bottom: 20px;
}

.emotion-4 {
  color: #444;
  font-size: 15px;
  margin-bottom: 0;
  margin-top: 0;
  font-weight: 400;
}

.emotion-2 {
  color: #444;
}

.emotion-9 {
  font-size: 18px;
  color: #494949;
  line-height: 1.3;
  margin-bottom: 0;
  -webkit-flex: 0 0 auto;
  -ms-flex: 0 0 auto;
  flex: 0 0 auto;
  text-transform: capitalize;
  word-break: break-word;
  font-weight: 700;
  margin: 10px 0;
  font-size: 26px;
}

.emotion-7 {
  -webkit-text-decoration: underline;
  text-decoration: underline;
  color: #1A5A96;
  font-weight: 400;
  text-transform: capitalize;
  padding: 0 4px;
  margin: 0 2px;
  color: inherit;
  padding: 0px;
  margin: 0px;
  -webkit-text-decoration: none;
  text-decoration: none;
}

.emotion-7:hover {
  color: inherit;
  -webkit-text-decoration-color: #1a5a96;
  text-decoration-color: #1a5a96;
}

.emotion-11 {
  line-height: 1.4;
  font-size: 14px;
  -webkit-flex: 0 0 auto;
  -ms-flex: 0 0 auto;
  flex: 0 0 auto;
  margin-bottom: 0;
  margin-top: 4px;
  text-transform: none;
  max-width: 500px;
  margin-bottom: 15px;
}

.emotion-32 {
  -webkit-text-decoration: underline;
  text-decoration: underline;
  color: #1A5A96;
  font-weight: 400;
  text-transform: capitalize;
  padding: 0 4px;
  margin: 0 2px;
  -webkit-text-decoration: none;
  text-decoration: none;
  color: initial;
}

.emotion-32:hover {
  -webkit-text-decoration: none;
  text-decoration: none;
  color: initial;
  cursor: pointer;
}

.emotion-29 {
  width: 265px;
  height: 238.5px;
  margin: 10px 0;
  border: 1px solid #ccc;
  border-top: transparent;
  border-radius: 2px;
  box-sizing: border-box;
  -webkit-transition: -webkit-transform 0.25s ease-out;
  -webkit-transition: transform 0.25s ease-out;
  transition: transform 0.25s ease-out;
  box-shadow: 0 1px 2px 1px #00000026;
  display: -webkit-box;
  display: -webkit-flex;
  display: -ms-flexbox;
  display: flex;
  -webkit-flex-flow: column nowrap;
  -ms-flex-flow: column nowrap;
  flex-flow: column nowrap;
  overflow: hidden;
}

.emotion-29:hover {
  box-shadow: 0 2px 2px 1px #00000026;
  -webkit-transform: translateY(-2px);
  -ms-transform: translateY(-2px);
  transform: translateY(-2px);
}

.emotion-13 {
  background-color: #246BD1;
  -webkit-flex: 0 0 10px;
  -ms-flex: 0 0 10px;
  flex: 0 0 10px;
  min-height: 10px;
}

.emotion-27 {
  padding: 6px 10px;
  height: 100%;
  overflow: auto;
  height: 100%;
  display: -webkit-box;
  display: -webkit-flex;
  display: -ms-flexbox;
  display: flex;
  -webkit-flex: 1 1 auto;
  -ms-flex: 1 1 auto;
  flex: 1 1 auto;
  -webkit-flex-flow: column nowrap;
  -ms-flex-flow: column nowrap;
  flex-flow: column nowrap;
}

.emotion-15 {
  color: #246BD1;
}

.emotion-19 {
  font-size: 18px;
  color: #494949;
  line-height: 1.3;
  margin-bottom: 0;
  -webkit-flex: 0 0 auto;
  -ms-flex: 0 0 auto;
  flex: 0 0 auto;
  text-transform: capitalize;
  word-break: break-word;
}

.emotion-21 {
  line-height: 1.4;
  font-size: 14px;
  -webkit-flex: 0 0 auto;
  -ms-flex: 0 0 auto;
  flex: 0 0 auto;
  margin-bottom: 0;
  margin-top: 4px;
  text-transform: none;
}

.emotion-25 {
  -webkit-flex: 1 1 auto;
  -ms-flex: 1 1 auto;
  flex: 1 1 auto;
  -webkit-align-self: center;
  -ms-flex-item-align: center;
  align-self: center;
  overflow: hidden;
  padding-top: 10px;
  text-align: center;
  display: -webkit-box;
  display: -webkit-flex;
  display: -ms-flexbox;
  display: flex;
}

.emotion-23 {
  width: 100%;
  height: auto;
  object-fit: scale-down;
  max-height: 100%;
  margin-bottom: 0;
}

.emotion-34 {
  background-color: #4299D2;
  -webkit-flex: 0 0 10px;
  -ms-flex: 0 0 10px;
  flex: 0 0 10px;
  min-height: 10px;
}

.emotion-36 {
  color: #4299D2;
}

.emotion-57 {
  text-align: right;
  font-size: 1.15em;
}

.emotion-55 {
  -webkit-text-decoration: underline;
  text-decoration: underline;
  color: #1A5A96;
  font-weight: 400;
  text-transform: capitalize;
  padding: 0 4px;
  margin: 0 2px;
}

<div>
  <div
    class="emotion-61 emotion-62"
  >
    <div
      class="emotion-0 emotion-1"
      color="Topics"
    />
    <div
      class="emotion-59 emotion-60"
    >
      <div
        style="margin-bottom: 6px;"
      >
        <h3
          class="emotion-4 emotion-5"
        >
          <svg
            aria-hidden="true"
            class="svg-inline--fa fa-layer-group fa-w-16  emotion-2 emotion-3"
            data-icon="layer-group"
            data-prefix="fas"
            data-testid="resource-type-icon"
            focusable="false"
            role="img"
            type="Topics"
            viewBox="0 0 512 512"
            xmlns="http://www.w3.org/2000/svg"
          >
            <path
              d="M12.41 148.02l232.94 105.67c6.8 3.09 14.49 3.09 21.29 0l232.94-105.67c16.55-7.51 16.55-32.52 0-40.03L266.65 2.31a25.607 25.607 0 0 0-21.29 0L12.41 107.98c-16.55 7.51-16.55 32.53 0 40.04zm487.18 88.28l-58.09-26.33-161.64 73.27c-7.56 3.43-15.59 5.17-23.86 5.17s-16.29-1.74-23.86-5.17L70.51 209.97l-58.1 26.33c-16.55 7.5-16.55 32.5 0 40l232.94 105.59c6.8 3.08 14.49 3.08 21.29 0L499.59 276.3c16.55-7.5 16.55-32.5 0-40zm0 127.8l-57.87-26.23-161.86 73.37c-7.56 3.43-15.59 5.17-23.86 5.17s-16.29-1.74-23.86-5.17L70.29 337.87 12.41 364.1c-16.55 7.5-16.55 32.5 0 40l232.94 105.59c6.8 3.08 14.49 3.08 21.29 0L499.59 404.1c16.55-7.5 16.55-32.5 0-40z"
              fill="currentColor"
            />
          </svg>
          <span
            style="margin: 4px;"
          >
            Topic
          </span>
        </h3>
      </div>
      <div
        class="emotion-9 emotion-10"
      >
        <a
          class="emotion-6 emotion-7 emotion-8"
          data-testid="topic-Popular"
          href="/topic/popular"
        >
          Popular
        </a>
      </div>
      <div
        class="emotion-11 emotion-12"
      >
        These resources have been getting some attention lately
      </div>
      <div
        class="BrainhubCarousel"
      >
        <div
          class="BrainhubCarousel__trackContainer"
        >
          <ul
            class="BrainhubCarousel__track BrainhubCarousel__track--draggable"
            style="margin-left: 0px; width: 0px; transform: translateX(0px);"
          >
            <li
              class="BrainhubCarouselItem BrainhubCarouselItem--active"
              style="padding-right: 0px; padding-left: 0px; width: 275px; max-width: 275px; min-width: 275px;"
            >
              <a
                class="emotion-31 emotion-32 emotion-8"
                data-testid="ui-gatsby-link"
                href="/topic/popular/Introduction-To-Github-and-Gov"
              >
                <article
                  class="emotion-29 emotion-30"
                >
                  <div
                    class="emotion-13 emotion-14"
                    color="Documentation"
                  />
                  <div
                    class="emotion-27 emotion-28"
                  >
                    <div
                      style="margin-bottom: 6px;"
                    >
                      <h3
                        class="emotion-4 emotion-5"
                      >
                        <svg
                          aria-hidden="true"
                          class="svg-inline--fa fa-file fa-w-12  emotion-15 emotion-3"
                          data-icon="file"
                          data-prefix="fas"
                          data-testid="resource-type-icon"
                          focusable="false"
                          role="img"
                          type="Documentation"
                          viewBox="0 0 384 512"
                          xmlns="http://www.w3.org/2000/svg"
                        >
                          <path
                            d="M224 136V0H24C10.7 0 0 10.7 0 24v464c0 13.3 10.7 24 24 24h336c13.3 0 24-10.7 24-24V160H248c-13.2 0-24-10.8-24-24zm160-14.1v6.1H256V0h6.1c6.4 0 12.5 2.5 17 7l97.9 98c4.5 4.5 7 10.6 7 16.9z"
                            fill="currentColor"
                          />
                        </svg>
                        <span
                          style="margin: 4px;"
                        >
                          Documentation
                        </span>
                        <small>
                          <svg
                            aria-hidden="true"
                            class="svg-inline--fa fa-external-link-alt fa-w-18 "
                            data-icon="external-link-alt"
                            data-prefix="fas"
                            focusable="false"
                            role="img"
                            viewBox="0 0 576 512"
                            xmlns="http://www.w3.org/2000/svg"
                          >
                            <path
                              d="M576 24v127.984c0 21.461-25.96 31.98-40.971 16.971l-35.707-35.709-243.523 243.523c-9.373 9.373-24.568 9.373-33.941 0l-22.627-22.627c-9.373-9.373-9.373-24.569 0-33.941L442.756 76.676l-35.703-35.705C391.982 25.9 402.656 0 424.024 0H552c13.255 0 24 10.745 24 24zM407.029 270.794l-16 16A23.999 23.999 0 0 0 384 303.765V448H64V128h264a24.003 24.003 0 0 0 16.97-7.029l16-16C376.089 89.851 365.381 64 344 64H48C21.49 64 0 85.49 0 112v352c0 26.51 21.49 48 48 48h352c26.51 0 48-21.49 48-48V287.764c0-21.382-25.852-32.09-40.971-16.97z"
                              fill="currentColor"
                            />
                          </svg>
                        </small>
                      </h3>
                    </div>
                    <div
                      class="emotion-19 emotion-20"
                    >
                      Introduction To Github and Gov
                    </div>
                    <p
                      class="emotion-21 emotion-22"
                    >
                      Everything you need to know about working with Github in the BC Government.
                    </p>
                    <div
                      class="emotion-25 emotion-26"
                    >
                      <img
                        alt="Introduction To Github and Gov"
                        class="emotion-23 emotion-24"
                        src="../images/octokat.png"
                      />
                    </div>
                  </div>
                </article>
              </a>
            </li>
            <li
              class="BrainhubCarouselItem"
              style="padding-right: 0px; padding-left: 0px; width: 275px; max-width: 275px; min-width: 275px;"
            >
              <a
                class="emotion-31 emotion-32 emotion-8"
                data-testid="ui-gatsby-link"
                href="/topic/popular/Introduction-To-Github-and-Gov"
              >
                <article
                  class="emotion-29 emotion-30"
                >
                  <div
                    class="emotion-34 emotion-14"
                    color="Components"
                  />
                  <div
                    class="emotion-27 emotion-28"
                  >
                    <div
                      style="margin-bottom: 6px;"
                    >
                      <h3
                        class="emotion-4 emotion-5"
                      >
                        <svg
                          aria-hidden="true"
                          class="svg-inline--fa fa-puzzle-piece fa-w-18  emotion-36 emotion-3"
                          data-icon="puzzle-piece"
                          data-prefix="fas"
                          data-testid="resource-type-icon"
                          focusable="false"
                          role="img"
                          type="Components"
                          viewBox="0 0 576 512"
                          xmlns="http://www.w3.org/2000/svg"
                        >
                          <path
                            d="M519.442 288.651c-41.519 0-59.5 31.593-82.058 31.593C377.409 320.244 432 144 432 144s-196.288 80-196.288-3.297c0-35.827 36.288-46.25 36.288-85.985C272 19.216 243.885 0 210.539 0c-34.654 0-66.366 18.891-66.366 56.346 0 41.364 31.711 59.277 31.711 81.75C175.885 207.719 0 166.758 0 166.758v333.237s178.635 41.047 178.635-28.662c0-22.473-40-40.107-40-81.471 0-37.456 29.25-56.346 63.577-56.346 33.673 0 61.788 19.216 61.788 54.717 0 39.735-36.288 50.158-36.288 85.985 0 60.803 129.675 25.73 181.23 25.73 0 0-34.725-120.101 25.827-120.101 35.962 0 46.423 36.152 86.308 36.152C556.712 416 576 387.99 576 354.443c0-34.199-18.962-65.792-56.558-65.792z"
                            fill="currentColor"
                          />
                        </svg>
                        <span
                          style="margin: 4px;"
                        >
                          Component
                        </span>
                        <small>
                          <svg
                            aria-hidden="true"
                            class="svg-inline--fa fa-external-link-alt fa-w-18 "
                            data-icon="external-link-alt"
                            data-prefix="fas"
                            focusable="false"
                            role="img"
                            viewBox="0 0 576 512"
                            xmlns="http://www.w3.org/2000/svg"
                          >
                            <path
                              d="M576 24v127.984c0 21.461-25.96 31.98-40.971 16.971l-35.707-35.709-243.523 243.523c-9.373 9.373-24.568 9.373-33.941 0l-22.627-22.627c-9.373-9.373-9.373-24.569 0-33.941L442.756 76.676l-35.703-35.705C391.982 25.9 402.656 0 424.024 0H552c13.255 0 24 10.745 24 24zM407.029 270.794l-16 16A23.999 23.999 0 0 0 384 303.765V448H64V128h264a24.003 24.003 0 0 0 16.97-7.029l16-16C376.089 89.851 365.381 64 344 64H48C21.49 64 0 85.49 0 112v352c0 26.51 21.49 48 48 48h352c26.51 0 48-21.49 48-48V287.764c0-21.382-25.852-32.09-40.971-16.97z"
                              fill="currentColor"
                            />
                          </svg>
                        </small>
                      </h3>
                    </div>
                    <div
                      class="emotion-19 emotion-20"
                    >
                      Introduction To Github and Gov
                    </div>
                    <p
                      class="emotion-21 emotion-22"
                    >
                      Everything you need to know about working with Github in the BC Government.
                    </p>
                    <div
                      class="emotion-25 emotion-26"
                    >
                      <img
                        alt="Introduction To Github and Gov"
                        class="emotion-23 emotion-24"
                        src="../images/octokat.png"
                      />
                    </div>
                  </div>
                </article>
              </a>
            </li>
          </ul>
        </div>
      </div>
      <div
        class="emotion-57 emotion-58"
      >
        <a
          class="emotion-55 emotion-8"
          data-testid="ui-gatsby-link"
          href="/topic/popular"
        >
          Popular
           
          <svg
            aria-hidden="true"
            class="svg-inline--fa fa-chevron-right fa-w-10 "
            data-icon="chevron-right"
            data-prefix="fas"
            focusable="false"
            role="img"
            viewBox="0 0 320 512"
            xmlns="http://www.w3.org/2000/svg"
          >
            <path
              d="M285.476 272.971L91.132 467.314c-9.373 9.373-24.569 9.373-33.941 0l-22.667-22.667c-9.357-9.357-9.375-24.522-.04-33.901L188.505 256 34.484 101.255c-9.335-9.379-9.317-24.544.04-33.901l22.667-22.667c9.373-9.373 24.569-9.373 33.941 0L285.475 239.03c9.373 9.372 9.373 24.568.001 33.941z"
              fill="currentColor"
            />
          </svg>
        </a>
      </div>
    </div>
  </div>
</div>
`;
