// Jest Snapshot v1, https://goo.gl/fbAQLP

exports[`Primary Filter Component it matches snapshot 1`] = `
ShallowWrapper {
  Symbol(enzyme.__root__): [Circular],
  Symbol(enzyme.__unrendered__): <PrimaryFilter
    filterSiphonNodes={[Function]}
    menuToggled={false}
    setMainNavigationToggled={[Function]}
    setSelectedOption={[Function]}
  />,
  Symbol(enzyme.__renderer__): Object {
    "batchedUpdates": [Function],
    "getNode": [Function],
    "render": [Function],
    "simulateError": [Function],
    "simulateEvent": [Function],
    "unmount": [Function],
  },
  Symbol(enzyme.__node__): Object {
    "instance": null,
    "key": undefined,
    "nodeType": "function",
    "props": Object {
      "children": Array [
        <StateManager
          ariaLabel="Select to filter cards by the resource type"
          className="PrimaryFilter largeOnly"
          defaultInputValue=""
          defaultMenuIsOpen={false}
          defaultValue={null}
          onChange={[Function]}
          onMenuClose={[Function]}
          onMenuOpen={[Function]}
          options={
            Array [
              Object {
                "label": "All",
                "value": "{\\"filterBy\\":\\"resource.type\\",\\"value\\":\\"All\\"}",
              },
              Object {
                "label": "Components",
                "value": "{\\"filterBy\\":\\"resource.type\\",\\"value\\":\\"Components\\"}",
              },
              Object {
                "label": "Documentation",
                "value": "{\\"filterBy\\":\\"resource.type\\",\\"value\\":\\"Documentation\\"}",
              },
              Object {
                "label": "Self-Service Tools",
                "value": "{\\"filterBy\\":\\"resource.type\\",\\"value\\":\\"Self-Service Tools\\"}",
              },
              Object {
                "label": "Repositories",
                "value": "{\\"filterBy\\":\\"resource.type\\",\\"value\\":\\"Repositories\\"}",
              },
            ]
          }
          placeholder="Filter"
          styles={
            Object {
              "control": [Function],
              "option": [Function],
              "singleValue": [Function],
            }
          }
          value={undefined}
        />,
        <Hamburger
          className="mobileOnly"
          clicked={[Function]}
        />,
        <StateManager
          ariaLabel="Select to filter cards by the resource type"
          className="PrimaryFilter mobileOnly"
          defaultInputValue=""
          defaultMenuIsOpen={false}
          defaultValue={null}
          menuIsOpen={false}
          onChange={[Function]}
          options={
            Array [
              Object {
                "label": "All",
                "value": "{\\"filterBy\\":\\"resource.type\\",\\"value\\":\\"All\\"}",
              },
              Object {
                "label": "Components",
                "value": "{\\"filterBy\\":\\"resource.type\\",\\"value\\":\\"Components\\"}",
              },
              Object {
                "label": "Documentation",
                "value": "{\\"filterBy\\":\\"resource.type\\",\\"value\\":\\"Documentation\\"}",
              },
              Object {
                "label": "Self-Service Tools",
                "value": "{\\"filterBy\\":\\"resource.type\\",\\"value\\":\\"Self-Service Tools\\"}",
              },
              Object {
                "label": "Repositories",
                "value": "{\\"filterBy\\":\\"resource.type\\",\\"value\\":\\"Repositories\\"}",
              },
            ]
          }
          placeholder=""
          styles={
            Object {
              "control": [Function],
              "menu": [Function],
              "option": [Function],
              "singleValue": [Function],
            }
          }
          value={undefined}
        />,
      ],
    },
    "ref": null,
    "rendered": Array [
      Object {
        "instance": null,
        "key": undefined,
        "nodeType": "class",
        "props": Object {
          "ariaLabel": "Select to filter cards by the resource type",
          "className": "PrimaryFilter largeOnly",
          "defaultInputValue": "",
          "defaultMenuIsOpen": false,
          "defaultValue": null,
          "onChange": [Function],
          "onMenuClose": [Function],
          "onMenuOpen": [Function],
          "options": Array [
            Object {
              "label": "All",
              "value": "{\\"filterBy\\":\\"resource.type\\",\\"value\\":\\"All\\"}",
            },
            Object {
              "label": "Components",
              "value": "{\\"filterBy\\":\\"resource.type\\",\\"value\\":\\"Components\\"}",
            },
            Object {
              "label": "Documentation",
              "value": "{\\"filterBy\\":\\"resource.type\\",\\"value\\":\\"Documentation\\"}",
            },
            Object {
              "label": "Self-Service Tools",
              "value": "{\\"filterBy\\":\\"resource.type\\",\\"value\\":\\"Self-Service Tools\\"}",
            },
            Object {
              "label": "Repositories",
              "value": "{\\"filterBy\\":\\"resource.type\\",\\"value\\":\\"Repositories\\"}",
            },
          ],
          "placeholder": "Filter",
          "styles": Object {
            "control": [Function],
            "option": [Function],
            "singleValue": [Function],
          },
          "value": undefined,
        },
        "ref": null,
        "rendered": null,
        "type": [Function],
      },
      Object {
        "instance": null,
        "key": undefined,
        "nodeType": "function",
        "props": Object {
          "className": "mobileOnly",
          "clicked": [Function],
        },
        "ref": null,
        "rendered": null,
        "type": [Function],
      },
      Object {
        "instance": null,
        "key": undefined,
        "nodeType": "class",
        "props": Object {
          "ariaLabel": "Select to filter cards by the resource type",
          "className": "PrimaryFilter mobileOnly",
          "defaultInputValue": "",
          "defaultMenuIsOpen": false,
          "defaultValue": null,
          "menuIsOpen": false,
          "onChange": [Function],
          "options": Array [
            Object {
              "label": "All",
              "value": "{\\"filterBy\\":\\"resource.type\\",\\"value\\":\\"All\\"}",
            },
            Object {
              "label": "Components",
              "value": "{\\"filterBy\\":\\"resource.type\\",\\"value\\":\\"Components\\"}",
            },
            Object {
              "label": "Documentation",
              "value": "{\\"filterBy\\":\\"resource.type\\",\\"value\\":\\"Documentation\\"}",
            },
            Object {
              "label": "Self-Service Tools",
              "value": "{\\"filterBy\\":\\"resource.type\\",\\"value\\":\\"Self-Service Tools\\"}",
            },
            Object {
              "label": "Repositories",
              "value": "{\\"filterBy\\":\\"resource.type\\",\\"value\\":\\"Repositories\\"}",
            },
          ],
          "placeholder": "",
          "styles": Object {
            "control": [Function],
            "menu": [Function],
            "option": [Function],
            "singleValue": [Function],
          },
          "value": undefined,
        },
        "ref": null,
        "rendered": null,
        "type": [Function],
      },
    ],
    "type": [Function],
  },
  Symbol(enzyme.__nodes__): Array [
    Object {
      "instance": null,
      "key": undefined,
      "nodeType": "function",
      "props": Object {
        "children": Array [
          <StateManager
            ariaLabel="Select to filter cards by the resource type"
            className="PrimaryFilter largeOnly"
            defaultInputValue=""
            defaultMenuIsOpen={false}
            defaultValue={null}
            onChange={[Function]}
            onMenuClose={[Function]}
            onMenuOpen={[Function]}
            options={
              Array [
                Object {
                  "label": "All",
                  "value": "{\\"filterBy\\":\\"resource.type\\",\\"value\\":\\"All\\"}",
                },
                Object {
                  "label": "Components",
                  "value": "{\\"filterBy\\":\\"resource.type\\",\\"value\\":\\"Components\\"}",
                },
                Object {
                  "label": "Documentation",
                  "value": "{\\"filterBy\\":\\"resource.type\\",\\"value\\":\\"Documentation\\"}",
                },
                Object {
                  "label": "Self-Service Tools",
                  "value": "{\\"filterBy\\":\\"resource.type\\",\\"value\\":\\"Self-Service Tools\\"}",
                },
                Object {
                  "label": "Repositories",
                  "value": "{\\"filterBy\\":\\"resource.type\\",\\"value\\":\\"Repositories\\"}",
                },
              ]
            }
            placeholder="Filter"
            styles={
              Object {
                "control": [Function],
                "option": [Function],
                "singleValue": [Function],
              }
            }
            value={undefined}
          />,
          <Hamburger
            className="mobileOnly"
            clicked={[Function]}
          />,
          <StateManager
            ariaLabel="Select to filter cards by the resource type"
            className="PrimaryFilter mobileOnly"
            defaultInputValue=""
            defaultMenuIsOpen={false}
            defaultValue={null}
            menuIsOpen={false}
            onChange={[Function]}
            options={
              Array [
                Object {
                  "label": "All",
                  "value": "{\\"filterBy\\":\\"resource.type\\",\\"value\\":\\"All\\"}",
                },
                Object {
                  "label": "Components",
                  "value": "{\\"filterBy\\":\\"resource.type\\",\\"value\\":\\"Components\\"}",
                },
                Object {
                  "label": "Documentation",
                  "value": "{\\"filterBy\\":\\"resource.type\\",\\"value\\":\\"Documentation\\"}",
                },
                Object {
                  "label": "Self-Service Tools",
                  "value": "{\\"filterBy\\":\\"resource.type\\",\\"value\\":\\"Self-Service Tools\\"}",
                },
                Object {
                  "label": "Repositories",
                  "value": "{\\"filterBy\\":\\"resource.type\\",\\"value\\":\\"Repositories\\"}",
                },
              ]
            }
            placeholder=""
            styles={
              Object {
                "control": [Function],
                "menu": [Function],
                "option": [Function],
                "singleValue": [Function],
              }
            }
            value={undefined}
          />,
        ],
      },
      "ref": null,
      "rendered": Array [
        Object {
          "instance": null,
          "key": undefined,
          "nodeType": "class",
          "props": Object {
            "ariaLabel": "Select to filter cards by the resource type",
            "className": "PrimaryFilter largeOnly",
            "defaultInputValue": "",
            "defaultMenuIsOpen": false,
            "defaultValue": null,
            "onChange": [Function],
            "onMenuClose": [Function],
            "onMenuOpen": [Function],
            "options": Array [
              Object {
                "label": "All",
                "value": "{\\"filterBy\\":\\"resource.type\\",\\"value\\":\\"All\\"}",
              },
              Object {
                "label": "Components",
                "value": "{\\"filterBy\\":\\"resource.type\\",\\"value\\":\\"Components\\"}",
              },
              Object {
                "label": "Documentation",
                "value": "{\\"filterBy\\":\\"resource.type\\",\\"value\\":\\"Documentation\\"}",
              },
              Object {
                "label": "Self-Service Tools",
                "value": "{\\"filterBy\\":\\"resource.type\\",\\"value\\":\\"Self-Service Tools\\"}",
              },
              Object {
                "label": "Repositories",
                "value": "{\\"filterBy\\":\\"resource.type\\",\\"value\\":\\"Repositories\\"}",
              },
            ],
            "placeholder": "Filter",
            "styles": Object {
              "control": [Function],
              "option": [Function],
              "singleValue": [Function],
            },
            "value": undefined,
          },
          "ref": null,
          "rendered": null,
          "type": [Function],
        },
        Object {
          "instance": null,
          "key": undefined,
          "nodeType": "function",
          "props": Object {
            "className": "mobileOnly",
            "clicked": [Function],
          },
          "ref": null,
          "rendered": null,
          "type": [Function],
        },
        Object {
          "instance": null,
          "key": undefined,
          "nodeType": "class",
          "props": Object {
            "ariaLabel": "Select to filter cards by the resource type",
            "className": "PrimaryFilter mobileOnly",
            "defaultInputValue": "",
            "defaultMenuIsOpen": false,
            "defaultValue": null,
            "menuIsOpen": false,
            "onChange": [Function],
            "options": Array [
              Object {
                "label": "All",
                "value": "{\\"filterBy\\":\\"resource.type\\",\\"value\\":\\"All\\"}",
              },
              Object {
                "label": "Components",
                "value": "{\\"filterBy\\":\\"resource.type\\",\\"value\\":\\"Components\\"}",
              },
              Object {
                "label": "Documentation",
                "value": "{\\"filterBy\\":\\"resource.type\\",\\"value\\":\\"Documentation\\"}",
              },
              Object {
                "label": "Self-Service Tools",
                "value": "{\\"filterBy\\":\\"resource.type\\",\\"value\\":\\"Self-Service Tools\\"}",
              },
              Object {
                "label": "Repositories",
                "value": "{\\"filterBy\\":\\"resource.type\\",\\"value\\":\\"Repositories\\"}",
              },
            ],
            "placeholder": "",
            "styles": Object {
              "control": [Function],
              "menu": [Function],
              "option": [Function],
              "singleValue": [Function],
            },
            "value": undefined,
          },
          "ref": null,
          "rendered": null,
          "type": [Function],
        },
      ],
      "type": [Function],
    },
  ],
  Symbol(enzyme.__options__): Object {
    "adapter": ReactSixteenAdapter {
      "options": Object {
        "enableComponentDidUpdateOnSetState": true,
        "lifecycles": Object {
          "componentDidUpdate": Object {
            "onSetState": true,
          },
          "getDerivedStateFromProps": true,
          "getSnapshotBeforeUpdate": true,
          "setState": Object {
            "skipsComponentDidUpdateOnNullish": true,
          },
        },
      },
    },
  },
}
`;
