// Jest Snapshot v1, https://goo.gl/fbAQLP

exports[`Search Bar matches snapshot 1`] = `
<Container
  onSearch={[MockFunction]}
  onSearchClear={[MockFunction]}
  onkeyup={[MockFunction]}
  searchOnEnter={false}
  terms=""
>
  <Input
    aria-label="Search input field"
    label={null}
    onChange={[Function]}
    onFocus={[Function]}
    onKeyPress={[Function]}
    type="text"
    value=""
  />
  <Button
    aria-label="Click to Search"
    clicked={[Function]}
    type="primary"
  >
    Search
  </Button>
</Container>
`;
