// Jest Snapshot v1, https://goo.gl/fbAQLP

exports[`Card Carousel matches snapshot 1`] = `
<div>
  <div
    class="BrainhubCarousel"
  >
    <div
      class="BrainhubCarousel__trackContainer"
    >
      <ul
        class="BrainhubCarousel__track"
        style="width: 0px; margin-left: 0px; transform: translateX(0px);"
      >
        <li
          class="BrainhubCarouselItem BrainhubCarouselItem--active"
          style="padding-right: 0px; padding-left: 0px; width: 275px; max-width: 275px; min-width: 275px;"
        >
          <div>
            card
          </div>
        </li>
      </ul>
    </div>
  </div>
</div>
`;
