// Jest Snapshot v1, https://goo.gl/fbAQLP

exports[`ComponentPreview Component matches snapshot 1`] = `
<span
  data-testid="test-component-preview"
>
  Loading...
</span>
`;
