// Jest Snapshot v1, https://goo.gl/fbAQLP

exports[`Disclaimer Component matches snapshot 1`] = `null`;
