// Jest Snapshot v1, https://goo.gl/fbAQLP

exports[`Hamburger Component it matches snapshot 1`] = `
<svg
  aria-hidden="true"
  aria-label="Select to filter cards by the resource type"
  class="svg-inline--fa fa-bars fa-w-14 fa-2x foo"
  data-icon="bars"
  data-prefix="fas"
  data-testid="hamburger-icon-button"
  focusable="false"
  role="img"
  viewBox="0 0 448 512"
  xmlns="http://www.w3.org/2000/svg"
>
  <path
    d="M16 132h416c8.837 0 16-7.163 16-16V76c0-8.837-7.163-16-16-16H16C7.163 60 0 67.163 0 76v40c0 8.837 7.163 16 16 16zm0 160h416c8.837 0 16-7.163 16-16v-40c0-8.837-7.163-16-16-16H16c-8.837 0-16 7.163-16 16v40c0 8.837 7.163 16 16 16zm0 160h416c8.837 0 16-7.163 16-16v-40c0-8.837-7.163-16-16-16H16c-8.837 0-16 7.163-16 16v40c0 8.837 7.163 16 16 16z"
    fill="currentColor"
  />
</svg>
`;
