// Jest Snapshot v1, https://goo.gl/fbAQLP

exports[`Primary Header Component matches snapshot 1`] = `
.emotion-19 {
  background-color: #003366;
  border-bottom: 2px solid #FCBA19;
  padding: 0 12px 0 25px;
  color: #fff;
  display: -webkit-box;
  display: -webkit-flex;
  display: -ms-flexbox;
  display: flex;
  box-shadow: 0 1px 2px 2px rgba(0,0,0,0.25);
  position: fixed;
  top: 0;
  left: 0;
  right: 0;
  z-index: 50;
  height: 65px;
}

@media screen and (min-width:600px) {
  .emotion-19 {
    padding: 0 65px 0 65px;
  }
}

.emotion-11 {
  -webkit-text-decoration: underline;
  text-decoration: underline;
  color: #1A5A96;
  font-weight: 400;
  text-transform: capitalize;
  padding: 0 4px;
  margin: 0 2px;
  color: #fff;
  -webkit-text-decoration: none;
  text-decoration: none;
  display: -webkit-box;
  display: -webkit-flex;
  display: -ms-flexbox;
  display: flex;
  -webkit-box-pack: start;
  -webkit-justify-content: flex-start;
  -ms-flex-pack: start;
  justify-content: flex-start;
  -webkit-align-items: center;
  -webkit-box-align: center;
  -ms-flex-align: center;
  align-items: center;
  color: inherit;
  margin: 0 10px 0 0;
}

.emotion-11:hover {
  -webkit-text-decoration: none;
  text-decoration: none;
  color: inherit;
}

.emotion-11:visited {
  color: inherit;
}

.emotion-0 {
  margin-bottom: 0;
  width: 175px;
}

@media (max-width:480px) {
  .emotion-0 {
    display: none;
  }
}

.emotion-2 {
  margin-bottom: 0;
  width: 50px;
}

@media (min-width:480px) {
  .emotion-2 {
    display: none;
  }
}

.emotion-8 {
  display: -webkit-box;
  display: -webkit-flex;
  display: -ms-flexbox;
  display: flex;
  font-size: 1em;
}

.emotion-4 {
  margin: 6px 3px 6px 0;
  padding: 0px 4px;
  -webkit-text-decoration: none;
  text-decoration: none;
  font-size: 1.54912em;
}

.emotion-6 {
  text-transform: uppercase;
  font-weight: 600;
  color: #fcba19;
}

.emotion-17 {
  -webkit-box-flex: 1;
  -webkit-flex-grow: 1;
  -ms-flex-positive: 1;
  flex-grow: 1;
  -webkit-align-items: center;
  -webkit-box-align: center;
  -ms-flex-align: center;
  align-items: center;
  -webkit-box-pack: end;
  -webkit-justify-content: flex-end;
  -ms-flex-pack: end;
  justify-content: flex-end;
  display: -webkit-box;
  display: -webkit-flex;
  display: -ms-flexbox;
  display: flex;
}

.emotion-15 {
  display: none;
}

@media (min-width:932px) {
  .emotion-15 {
    display: inline-block;
  }
}

.emotion-13 {
  color: #fff;
  -webkit-user-select: none;
  -moz-user-select: none;
  -ms-user-select: none;
  user-select: none;
  border: 1px solid transparent;
  padding: 0.375rem 0.75rem;
  font-size: 1em;
  line-height: 1.5;
  border-radius: 0.25rem;
  cursor: pointer;
  font-weight: 400;
  text-align: center;
  white-space: nowrap;
  vertical-align: middle;
  display: inline-block;
  background-color: #FCBA19;
}

<header
  class="emotion-19 emotion-20"
>
  <a
    class="emotion-10 emotion-11 emotion-12"
    data-testid="header.govlogo.banner"
    href="/"
  >
    <img
      alt="Government of British Columbia"
      class="emotion-0 emotion-1"
      src="BCID_H_rgb_rev.svg"
    />
    <img
      alt="Government of British Columbia"
      class="emotion-2 emotion-3"
      src="logo.svg"
    />
    <div
      class="emotion-8 emotion-9"
    >
      <h2
        class="emotion-4 emotion-5"
      >
        DevHub
      </h2>
      <div
        aria-label="This application is currently in beta phase"
        class="emotion-6 emotion-7"
      >
        beta
      </div>
    </div>
  </a>
  <div
    class="emotion-17 emotion-18"
  >
    <div
      class="emotion-15 emotion-16"
    >
      <button
        class="emotion-13 emotion-14"
        color="yellow"
        data-testid="auth.login"
      >
        Login
      </button>
    </div>
  </div>
</header>
`;
