// Jest Snapshot v1, https://goo.gl/fbAQLP

exports[`Home Page When a blank search is entered, cards and alerts don't show but topics do 1`] = `
.emotion-19 {
  background-color: #fafafa;
  text-align: center;
  font-size: 16px;
  display: -webkit-box;
  display: -webkit-flex;
  display: -ms-flexbox;
  display: flex;
  -webkit-align-items: center;
  -webkit-box-align: center;
  -ms-flex-align: center;
  align-items: center;
  padding: 25px 15px 30px;
  -webkit-flex-flow: column nowrap;
  -ms-flex-flow: column nowrap;
  flex-flow: column nowrap;
}

@media (min-width:576px) {
  .emotion-19 {
    padding: 20px 15px;
  }
}

.emotion-4 {
  display: -webkit-box;
  display: -webkit-flex;
  display: -ms-flexbox;
  display: flex;
  font-size: 1em;
}

.emotion-0 {
  margin: 6px 3px 6px 0;
  padding: 0px 4px;
  -webkit-text-decoration: none;
  text-decoration: none;
  font-size: 1.54912em;
}

.emotion-2 {
  text-transform: uppercase;
  font-weight: 600;
  color: #fcba19;
}

.emotion-6 {
  -webkit-text-decoration: underline;
  text-decoration: underline;
  color: #1A5A96;
  font-weight: 400;
  text-transform: capitalize;
  padding: 0 4px;
  margin: 0 2px;
}

.emotion-15 {
  width: 100%;
  max-width: 500px;
}

.emotion-11 {
  display: -webkit-box;
  display: -webkit-flex;
  display: -ms-flexbox;
  display: flex;
  -webkit-align-items: center;
  -webkit-box-align: center;
  -ms-flex-align: center;
  align-items: center;
  font-size: 1.25em;
  -webkit-flex-flow: row wrap;
  -ms-flex-flow: row wrap;
  flex-flow: row wrap;
}

.emotion-11 > input {
  margin: 0 4px;
  padding: 4px 5px;
  -webkit-flex-basis: 250px;
  -ms-flex-preferred-size: 250px;
  flex-basis: 250px;
  -webkit-box-flex: 1;
  -webkit-flex-grow: 1;
  -ms-flex-positive: 1;
  flex-grow: 1;
  -webkit-transition: all 0.25s;
  transition: all 0.25s;
}

.emotion-11 > button {
  padding: 4px 15px;
  margin: 4px;
}

.emotion-11 > button {
  -webkit-box-flex: 1;
  -webkit-flex-grow: 1;
  -ms-flex-positive: 1;
  flex-grow: 1;
}

.emotion-8 {
  color: #fff;
  -webkit-user-select: none;
  -moz-user-select: none;
  -ms-user-select: none;
  user-select: none;
  border: 1px solid transparent;
  padding: 0.375rem 0.75rem;
  font-size: 1em;
  line-height: 1.5;
  border-radius: 0.25rem;
  cursor: pointer;
  font-weight: 400;
  text-align: center;
  white-space: nowrap;
  vertical-align: middle;
  display: inline-block;
  background-color: #003366;
}

.emotion-13 {
  display: -webkit-box;
  display: -webkit-flex;
  display: -ms-flexbox;
  display: flex;
  -webkit-flex-flow: row nowrap;
  -ms-flex-flow: row nowrap;
  flex-flow: row nowrap;
}

.emotion-17 {
  display: inline block;
  padding: 15px;
  max-width: 220px;
}

.emotion-17 img {
  width: 100%;
  margin-bottom: 0;
}

<div
  class="emotion-19 emotion-20"
>
  <div
    class="emotion-4 emotion-5"
  >
    <h2
      class="emotion-0 emotion-1"
    >
      DevHub
    </h2>
    <div
      aria-label="This application is currently in beta phase"
      class="emotion-2 emotion-3"
    >
      beta
    </div>
  </div>
  <h4
    css="You have tried to stringify object returned from \`css\` function. It isn't supposed to be used directly (e.g. as value of the \`className\` prop), but rather handed to emotion so it can handle it (e.g. as value of \`css\` prop)."
  >
    One place that brings together resources to help build digital products for the BC Government
  </h4>
  <a
    class="emotion-6 emotion-7"
    css="You have tried to stringify object returned from \`css\` function. It isn't supposed to be used directly (e.g. as value of the \`className\` prop), but rather handed to emotion so it can handle it (e.g. as value of \`css\` prop)."
    data-testid="ui-gatsby-link"
    href="/aboutDevhub"
  >
    How Devhub Works
     
    <svg
      aria-hidden="true"
      class="svg-inline--fa fa-chevron-right fa-w-10 "
      data-icon="chevron-right"
      data-prefix="fas"
      focusable="false"
      role="img"
      viewBox="0 0 320 512"
      xmlns="http://www.w3.org/2000/svg"
    >
      <path
        d="M285.476 272.971L91.132 467.314c-9.373 9.373-24.569 9.373-33.941 0l-22.667-22.667c-9.357-9.357-9.375-24.522-.04-33.901L188.505 256 34.484 101.255c-9.335-9.379-9.317-24.544.04-33.901l22.667-22.667c9.373-9.373 24.569-9.373 33.941 0L285.475 239.03c9.373 9.372 9.373 24.568.001 33.941z"
        fill="currentColor"
      />
    </svg>
  </a>
  <div
    class="emotion-15 emotion-16"
  >
    <div
      class="emotion-10 emotion-11 emotion-12"
    >
      <input
        aria-label="Search input field"
        class="Input custom-text"
        data-testid="searchbar-input"
        id="dh-search-input"
        maxlength="40"
        type="text"
        value=""
      />
      <button
        aria-label="Click to Search"
        class="emotion-8 emotion-9"
        color="blue"
        data-testid="searchbar-button"
      >
        Search
      </button>
    </div>
    <div
      class="emotion-13 emotion-14"
    />
  </div>
  <div
    class="emotion-17 emotion-18"
    data-testid="Masthead.algolia"
    style="padding-bottom: 5px;"
  >
    <a
      href="https://www.algolia.com/"
    >
      <img
        alt="Algolia Logo"
        src="algolia.svg"
      />
    </a>
  </div>
</div>
`;

exports[`Home Page it matches snapshot, when there is a search and no results an alert box shows up 1`] = `
.emotion-19 {
  background-color: #fafafa;
  text-align: center;
  font-size: 16px;
  display: -webkit-box;
  display: -webkit-flex;
  display: -ms-flexbox;
  display: flex;
  -webkit-align-items: center;
  -webkit-box-align: center;
  -ms-flex-align: center;
  align-items: center;
  padding: 25px 15px 30px;
  -webkit-flex-flow: column nowrap;
  -ms-flex-flow: column nowrap;
  flex-flow: column nowrap;
}

@media (min-width:576px) {
  .emotion-19 {
    padding: 20px 15px;
  }
}

.emotion-4 {
  display: -webkit-box;
  display: -webkit-flex;
  display: -ms-flexbox;
  display: flex;
  font-size: 1em;
}

.emotion-0 {
  margin: 6px 3px 6px 0;
  padding: 0px 4px;
  -webkit-text-decoration: none;
  text-decoration: none;
  font-size: 1.54912em;
}

.emotion-2 {
  text-transform: uppercase;
  font-weight: 600;
  color: #fcba19;
}

.emotion-6 {
  -webkit-text-decoration: underline;
  text-decoration: underline;
  color: #1A5A96;
  font-weight: 400;
  text-transform: capitalize;
  padding: 0 4px;
  margin: 0 2px;
}

.emotion-15 {
  width: 100%;
  max-width: 500px;
}

.emotion-11 {
  display: -webkit-box;
  display: -webkit-flex;
  display: -ms-flexbox;
  display: flex;
  -webkit-align-items: center;
  -webkit-box-align: center;
  -ms-flex-align: center;
  align-items: center;
  font-size: 1.25em;
  -webkit-flex-flow: row wrap;
  -ms-flex-flow: row wrap;
  flex-flow: row wrap;
}

.emotion-11 > input {
  margin: 0 4px;
  padding: 4px 5px;
  -webkit-flex-basis: 250px;
  -ms-flex-preferred-size: 250px;
  flex-basis: 250px;
  -webkit-box-flex: 1;
  -webkit-flex-grow: 1;
  -ms-flex-positive: 1;
  flex-grow: 1;
  -webkit-transition: all 0.25s;
  transition: all 0.25s;
}

.emotion-11 > button {
  padding: 4px 15px;
  margin: 4px;
}

.emotion-11 > button {
  -webkit-box-flex: 1;
  -webkit-flex-grow: 1;
  -ms-flex-positive: 1;
  flex-grow: 1;
}

.emotion-8 {
  color: #fff;
  -webkit-user-select: none;
  -moz-user-select: none;
  -ms-user-select: none;
  user-select: none;
  border: 1px solid transparent;
  padding: 0.375rem 0.75rem;
  font-size: 1em;
  line-height: 1.5;
  border-radius: 0.25rem;
  cursor: pointer;
  font-weight: 400;
  text-align: center;
  white-space: nowrap;
  vertical-align: middle;
  display: inline-block;
  background-color: #003366;
}

.emotion-13 {
  display: -webkit-box;
  display: -webkit-flex;
  display: -ms-flexbox;
  display: flex;
  -webkit-flex-flow: row nowrap;
  -ms-flex-flow: row nowrap;
  flex-flow: row nowrap;
}

.emotion-17 {
  display: inline block;
  padding: 15px;
  max-width: 220px;
}

.emotion-17 img {
  width: 100%;
  margin-bottom: 0;
}

<div
  class="emotion-19 emotion-20"
>
  <div
    class="emotion-4 emotion-5"
  >
    <h2
      class="emotion-0 emotion-1"
    >
      DevHub
    </h2>
    <div
      aria-label="This application is currently in beta phase"
      class="emotion-2 emotion-3"
    >
      beta
    </div>
  </div>
  <h4
    css="You have tried to stringify object returned from \`css\` function. It isn't supposed to be used directly (e.g. as value of the \`className\` prop), but rather handed to emotion so it can handle it (e.g. as value of \`css\` prop)."
  >
    One place that brings together resources to help build digital products for the BC Government
  </h4>
  <a
    class="emotion-6 emotion-7"
    css="You have tried to stringify object returned from \`css\` function. It isn't supposed to be used directly (e.g. as value of the \`className\` prop), but rather handed to emotion so it can handle it (e.g. as value of \`css\` prop)."
    data-testid="ui-gatsby-link"
    href="/aboutDevhub"
  >
    How Devhub Works
     
    <svg
      aria-hidden="true"
      class="svg-inline--fa fa-chevron-right fa-w-10 "
      data-icon="chevron-right"
      data-prefix="fas"
      focusable="false"
      role="img"
      viewBox="0 0 320 512"
      xmlns="http://www.w3.org/2000/svg"
    >
      <path
        d="M285.476 272.971L91.132 467.314c-9.373 9.373-24.569 9.373-33.941 0l-22.667-22.667c-9.357-9.357-9.375-24.522-.04-33.901L188.505 256 34.484 101.255c-9.335-9.379-9.317-24.544.04-33.901l22.667-22.667c9.373-9.373 24.569-9.373 33.941 0L285.475 239.03c9.373 9.372 9.373 24.568.001 33.941z"
        fill="currentColor"
      />
    </svg>
  </a>
  <div
    class="emotion-15 emotion-16"
  >
    <div
      class="emotion-10 emotion-11 emotion-12"
    >
      <input
        aria-label="Search input field"
        class="Input custom-text"
        data-testid="searchbar-input"
        id="dh-search-input"
        maxlength="40"
        type="text"
        value=""
      />
      <button
        aria-label="Click to Search"
        class="emotion-8 emotion-9"
        color="blue"
        data-testid="searchbar-button"
      >
        Search
      </button>
    </div>
    <div
      class="emotion-13 emotion-14"
    />
  </div>
  <div
    class="emotion-17 emotion-18"
    data-testid="Masthead.algolia"
    style="padding-bottom: 5px;"
  >
    <a
      href="https://www.algolia.com/"
    >
      <img
        alt="Algolia Logo"
        src="algolia.svg"
      />
    </a>
  </div>
</div>
`;
